------Allegra the Barman Scheduling Simulation------
-------------- with 10 patrons---------------
-------------- and FCFS scheduling ---------------
+0: new thirsty Patron arrived at time 340
0: will order 6 drinks
0: White Wine ordered
---Barman preparing drink for patron 0: White Wine
---Barman has made drink for patron 0: White Wine
0: White Wine -> patron drinking
Exception in thread "Thread-0" java.lang.RuntimeException: Failed to write output
	at barScheduling.Barman.run(Barman.java:278)
Caused by: java.io.FileNotFoundException: results/FCFS.csv (Permission denied)
	at java.base/java.io.FileOutputStream.open0(Native Method)
	at java.base/java.io.FileOutputStream.open(FileOutputStream.java:289)
	at java.base/java.io.FileOutputStream.<init>(FileOutputStream.java:230)
	at java.base/java.io.FileWriter.<init>(FileWriter.java:116)
	at barScheduling.Barman.recordCompletedOrder(Barman.java:351)
	at barScheduling.Barman.processOrder(Barman.java:331)
	at barScheduling.Barman.runFCFS(Barman.java:285)
	at barScheduling.Barman.run(Barman.java:257)
+1: new thirsty Patron arrived at time 575
0: Cider ordered
1: will order 8 drinks
1: Cider ordered
+2: new thirsty Patron arrived at time 774
2: will order 4 drinks
2: B52 ordered
+3: new thirsty Patron arrived at time 1714
3: will order 7 drinks
3: Tequila shot ordered
+4: new thirsty Patron arrived at time 2421
4: will order 2 drinks
4: Bloody Mary ordered
+5: new thirsty Patron arrived at time 3027
5: will order 2 drinks
5: White Wine ordered
+6: new thirsty Patron arrived at time 3203
6: will order 5 drinks
6: Martini ordered
+7: new thirsty Patron arrived at time 3379
7: will order 3 drinks
7: Red Wine ordered
+8: new thirsty Patron arrived at time 3713
8: will order 2 drinks
8: Martini ordered
+9: new thirsty Patron arrived at time 4229
9: will order 3 drinks
9: Beer ordered
